---
kind: Namespace
apiVersion: v1
metadata:
  name: linkerd-smi
  labels:
    linkerd.io/extension: smi
---
apiVersion: apps/v1
kind: Deployment
metadata:
  labels:
    linkerd.io/extension: smi
    component: smi-adaptor
  name: smi-adaptor
  namespace: linkerd-smi
spec:
  replicas: 1
  selector:
    matchLabels:
      linkerd.io/extension: smi
      component: smi-adaptor
  template:
    metadata:
      annotations:
        linkerd.io/inject: enabled
      labels:
        linkerd.io/extension: smi
        component: smi-adaptor
    spec:
      containers:
      - args:
        - -cluster-domain=cluster.local
        image: cr.l5d.io/linkerd/smi-adaptor:dev-undefined
        imagePullPolicy: IfNotPresent
        name: smi-adaptor
        ports:
        - containerPort: 9995
          name: admin-http
        resources:
          requests:
            cpu: 100m
            memory: 20Mi
          limits:
            cpu: 100m
            memory: 20Mi
      serviceAccountName: smi-adaptor
      securityContext:
        runAsUser: 65534
---
###
### SMI Adaptor Service
###
kind: ClusterRole
apiVersion: rbac.authorization.k8s.io/v1
metadata:
  name: smi-adaptor
  labels:
    linkerd.io/extension: smi
    component: smi-adaptor
rules:
- apiGroups: [""]
  resources: ["events"]
  verbs: ["create", "patch"]
- apiGroups: ["linkerd.io"]
  resources: ["serviceprofiles"]
  verbs: ["list", "get", "create", "update"]
- apiGroups: ["split.smi-spec.io"]
  resources: ["trafficsplits"]
  verbs: ["list", "get", "watch"]
---
kind: ClusterRoleBinding
apiVersion: rbac.authorization.k8s.io/v1
metadata:
  name: smi-adaptor
  labels:
    linkerd.io/extension: smi
    component: smi-adaptor
roleRef:
  apiGroup: rbac.authorization.k8s.io
  kind: ClusterRole
  name: smi-adaptor
subjects:
- kind: ServiceAccount
  name: smi-adaptor
  namespace: linkerd-smi
---
kind: ServiceAccount
apiVersion: v1
metadata:
  name: smi-adaptor
  namespace: linkerd-smi
  labels:
    linkerd.io/extension: smi
    component: smi-adaptor
---
###
### TrafficSplit CRD
### Copied from github.com/servicemeshinterface/smi-sdk-go/blob/d4e76b1cd7a33ead5f38d1262dd838a31c80f4e5/crds/split.yaml
###
apiVersion: apiextensions.k8s.io/v1
kind: CustomResourceDefinition
metadata:
  name: trafficsplits.split.smi-spec.io
  labels:
    linkerd.io/extension: smi
spec:
  group: split.smi-spec.io
  scope: Namespaced
  conversion:
    strategy: None
  names:
    kind: TrafficSplit
    listKind: TrafficSplitList
    shortNames:
      - ts
    plural: trafficsplits
    singular: trafficsplit
  versions:
    - name: v1alpha1
      served: true
      storage: true
      schema:
        openAPIV3Schema:
          type: object
          properties:
            spec:
              type: object
              required:
                - service
                - backends
              properties:
                service:
                  description: The apex service of this split.
                  type: string
                backends:
                  description: The backend services of this split.
                  type: array
                  items:
                    type: object
                    required: ['service', 'weight']
                    properties:
                      service:
                        description: Name of the Kubernetes service.
                        type: string
                      weight:
                        description: Traffic weight value of this backend.
                        x-kubernetes-int-or-string: true
      additionalPrinterColumns:
      - name: Service
        type: string
        description: The apex service of this split.
        jsonPath: .spec.service
    - name: v1alpha2
      served: true
      storage: false
      additionalPrinterColumns:
      - name: Service
        type: string
        description: The apex service of this split.
        jsonPath: .spec.service
      schema:
        openAPIV3Schema:
          type: object
          properties:
            spec:
              type: object
              required:
                - service
                - backends
              properties:
                service:
                  description: The apex service of this split.
                  type: string
                backends:
                  description: The backend services of this split.
                  type: array
                  items:
                    type: object
                    required: ['service', 'weight']
                    properties:
                      service:
                        description: Name of the Kubernetes service.
                        type: string
                      weight:
                        description: Traffic weight value of this backend.
                        type: number
  preserveUnknownFields: false
